Archive member included to satisfy reference by file (symbol)

E:/ST/STM32CubeIDE_1.19.0/STM32CubeIDE/plugins/com.st.stm32cube.ide.mcu.externaltools.gnu-tools-for-stm32.13.3.rel1.win32_1.0.0.202411081344/tools/bin/../lib/gcc/arm-none-eabi/13.3.1/../../../../arm-none-eabi/lib/thumb/v7-m/nofp\libc_nano.a(libc_a-exit.o)
                              E:/ST/STM32CubeIDE_1.19.0/STM32CubeIDE/plugins/com.st.stm32cube.ide.mcu.externaltools.gnu-tools-for-stm32.13.3.rel1.win32_1.0.0.202411081344/tools/bin/../lib/gcc/arm-none-eabi/13.3.1/../../../../arm-none-eabi/lib/thumb/v7-m/nofp/crt0.o (exit)
E:/ST/STM32CubeIDE_1.19.0/STM32CubeIDE/plugins/com.st.stm32cube.ide.mcu.externaltools.gnu-tools-for-stm32.13.3.rel1.win32_1.0.0.202411081344/tools/bin/../lib/gcc/arm-none-eabi/13.3.1/../../../../arm-none-eabi/lib/thumb/v7-m/nofp\libc_nano.a(libc_a-findfp.o)
                              E:/ST/STM32CubeIDE_1.19.0/STM32CubeIDE/plugins/com.st.stm32cube.ide.mcu.externaltools.gnu-tools-for-stm32.13.3.rel1.win32_1.0.0.202411081344/tools/bin/../lib/gcc/arm-none-eabi/13.3.1/../../../../arm-none-eabi/lib/thumb/v7-m/nofp\libc_nano.a(libc_a-exit.o) (__stdio_exit_handler)
E:/ST/STM32CubeIDE_1.19.0/STM32CubeIDE/plugins/com.st.stm32cube.ide.mcu.externaltools.gnu-tools-for-stm32.13.3.rel1.win32_1.0.0.202411081344/tools/bin/../lib/gcc/arm-none-eabi/13.3.1/../../../../arm-none-eabi/lib/thumb/v7-m/nofp\libc_nano.a(libc_a-fwalk.o)
                              E:/ST/STM32CubeIDE_1.19.0/STM32CubeIDE/plugins/com.st.stm32cube.ide.mcu.externaltools.gnu-tools-for-stm32.13.3.rel1.win32_1.0.0.202411081344/tools/bin/../lib/gcc/arm-none-eabi/13.3.1/../../../../arm-none-eabi/lib/thumb/v7-m/nofp\libc_nano.a(libc_a-findfp.o) (_fwalk_sglue)
E:/ST/STM32CubeIDE_1.19.0/STM32CubeIDE/plugins/com.st.stm32cube.ide.mcu.externaltools.gnu-tools-for-stm32.13.3.rel1.win32_1.0.0.202411081344/tools/bin/../lib/gcc/arm-none-eabi/13.3.1/../../../../arm-none-eabi/lib/thumb/v7-m/nofp\libc_nano.a(libc_a-stdio.o)
                              E:/ST/STM32CubeIDE_1.19.0/STM32CubeIDE/plugins/com.st.stm32cube.ide.mcu.externaltools.gnu-tools-for-stm32.13.3.rel1.win32_1.0.0.202411081344/tools/bin/../lib/gcc/arm-none-eabi/13.3.1/../../../../arm-none-eabi/lib/thumb/v7-m/nofp\libc_nano.a(libc_a-findfp.o) (__sread)
E:/ST/STM32CubeIDE_1.19.0/STM32CubeIDE/plugins/com.st.stm32cube.ide.mcu.externaltools.gnu-tools-for-stm32.13.3.rel1.win32_1.0.0.202411081344/tools/bin/../lib/gcc/arm-none-eabi/13.3.1/../../../../arm-none-eabi/lib/thumb/v7-m/nofp\libc_nano.a(libc_a-memset.o)
                              E:/ST/STM32CubeIDE_1.19.0/STM32CubeIDE/plugins/com.st.stm32cube.ide.mcu.externaltools.gnu-tools-for-stm32.13.3.rel1.win32_1.0.0.202411081344/tools/bin/../lib/gcc/arm-none-eabi/13.3.1/../../../../arm-none-eabi/lib/thumb/v7-m/nofp/crt0.o (memset)
E:/ST/STM32CubeIDE_1.19.0/STM32CubeIDE/plugins/com.st.stm32cube.ide.mcu.externaltools.gnu-tools-for-stm32.13.3.rel1.win32_1.0.0.202411081344/tools/bin/../lib/gcc/arm-none-eabi/13.3.1/../../../../arm-none-eabi/lib/thumb/v7-m/nofp\libc_nano.a(libc_a-closer.o)
                              E:/ST/STM32CubeIDE_1.19.0/STM32CubeIDE/plugins/com.st.stm32cube.ide.mcu.externaltools.gnu-tools-for-stm32.13.3.rel1.win32_1.0.0.202411081344/tools/bin/../lib/gcc/arm-none-eabi/13.3.1/../../../../arm-none-eabi/lib/thumb/v7-m/nofp\libc_nano.a(libc_a-stdio.o) (_close_r)
E:/ST/STM32CubeIDE_1.19.0/STM32CubeIDE/plugins/com.st.stm32cube.ide.mcu.externaltools.gnu-tools-for-stm32.13.3.rel1.win32_1.0.0.202411081344/tools/bin/../lib/gcc/arm-none-eabi/13.3.1/../../../../arm-none-eabi/lib/thumb/v7-m/nofp\libc_nano.a(libc_a-reent.o)
                              E:/ST/STM32CubeIDE_1.19.0/STM32CubeIDE/plugins/com.st.stm32cube.ide.mcu.externaltools.gnu-tools-for-stm32.13.3.rel1.win32_1.0.0.202411081344/tools/bin/../lib/gcc/arm-none-eabi/13.3.1/../../../../arm-none-eabi/lib/thumb/v7-m/nofp\libc_nano.a(libc_a-closer.o) (errno)
E:/ST/STM32CubeIDE_1.19.0/STM32CubeIDE/plugins/com.st.stm32cube.ide.mcu.externaltools.gnu-tools-for-stm32.13.3.rel1.win32_1.0.0.202411081344/tools/bin/../lib/gcc/arm-none-eabi/13.3.1/../../../../arm-none-eabi/lib/thumb/v7-m/nofp\libc_nano.a(libc_a-impure.o)
                              E:/ST/STM32CubeIDE_1.19.0/STM32CubeIDE/plugins/com.st.stm32cube.ide.mcu.externaltools.gnu-tools-for-stm32.13.3.rel1.win32_1.0.0.202411081344/tools/bin/../lib/gcc/arm-none-eabi/13.3.1/../../../../arm-none-eabi/lib/thumb/v7-m/nofp\libc_nano.a(libc_a-reent.o) (_impure_ptr)
E:/ST/STM32CubeIDE_1.19.0/STM32CubeIDE/plugins/com.st.stm32cube.ide.mcu.externaltools.gnu-tools-for-stm32.13.3.rel1.win32_1.0.0.202411081344/tools/bin/../lib/gcc/arm-none-eabi/13.3.1/../../../../arm-none-eabi/lib/thumb/v7-m/nofp\libc_nano.a(libc_a-lseekr.o)
[...]
Memory Configuration

Name             Origin             Length             Attributes
RAM              0x20000000         0x00005000         xrw
FLASH            0x08000000         0x00010000         xr
*default*        0x00000000         0xffffffff

Linker script and memory map

LOAD E:/ST/STM32CubeIDE_1.19.0/STM32CubeIDE/plugins/com.st.stm32cube.ide.mcu.externaltools.gnu-tools-for-stm32.13.3.rel1.win32_1.0.0.202411081344/tools/bin/../lib/gcc/arm-none-eabi/13.3.1/thumb/v7-m/nofp/crti.o
LOAD E:/ST/STM32CubeIDE_1.19.0/STM32CubeIDE/plugins/com.st.stm32cube.ide.mcu.externaltools.gnu-tools-for-stm32.13.3.rel1.win32_1.0.0.202411081344/tools/bin/../lib/gcc/arm-none-eabi/13.3.1/thumb/v7-m/nofp/crtbegin.o
LOAD E:/ST/STM32CubeIDE_1.19.0/STM32CubeIDE/plugins/com.st.stm32cube.ide.mcu.externaltools.gnu-tools-for-stm32.13.3.rel1.win32_1.0.0.202411081344/tools/bin/../lib/gcc/arm-none-eabi/13.3.1/../../../../arm-none-eabi/lib/thumb/v7-m/nofp/crt0.o
LOAD ./Core/Src/freertos.o
LOAD ./Core/Src/gpio.o
LOAD ./Core/Src/main.o
LOAD ./Core/Src/modbus_rtu.o
LOAD ./Core/Src/motor.o
LOAD ./Core/Src/stm32f1xx_hal_msp.o
LOAD ./Core/Src/stm32f1xx_it.o
LOAD ./Core/Src/syscalls.o
LOAD ./Core/Src/sysmem.o
LOAD ./Core/Src/system_stm32f1xx.o
LOAD ./Core/Src/tim.o
LOAD ./Core/Src/usart.o
LOAD ./Core/Startup/startup_stm32f103c8tx.o
LOAD ./Drivers/STM32F1xx_HAL_Driver/Src/stm32f1xx_hal.o
LOAD ./Drivers/STM32F1xx_HAL_Driver/Src/stm32f1xx_hal_cortex.o
LOAD ./Drivers/STM32F1xx_HAL_Driver/Src/stm32f1xx_hal_dma.o
LOAD ./Drivers/STM32F1xx_HAL_Driver/Src/stm32f1xx_hal_exti.o
LOAD ./Drivers/STM32F1xx_HAL_Driver/Src/stm32f1xx_hal_flash.o
LOAD ./Drivers/STM32F1xx_HAL_Driver/Src/stm32f1xx_hal_flash_ex.o
LOAD ./Drivers/STM32F1xx_HAL_Driver/Src/stm32f1xx_hal_gpio.o
LOAD ./Drivers/STM32F1xx_HAL_Driver/Src/stm32f1xx_hal_gpio_ex.o
LOAD ./Drivers/STM32F1xx_HAL_Driver/Src/stm32f1xx_hal_pwr.o
LOAD ./Drivers/STM32F1xx_HAL_Driver/Src/stm32f1xx_hal_rcc.o
LOAD ./Drivers/STM32F1xx_HAL_Driver/Src/stm32f1xx_hal_rcc_ex.o
LOAD ./Drivers/STM32F1xx_HAL_Driver/Src/stm32f1xx_hal_tim.o
LOAD ./Drivers/STM32F1xx_HAL_Driver/Src/stm32f1xx_hal_tim_ex.o
LOAD ./Drivers/STM32F1xx_HAL_Driver/Src/stm32f1xx_hal_uart.o
LOAD ./Middlewares/Third_Party/FreeRTOS/Source/CMSIS_RTOS_V2/cmsis_os2.o
LOAD ./Middlewares/Third_Party/FreeRTOS/Source/croutine.o
LOAD ./Middlewares/Third_Party/FreeRTOS/Source/event_groups.o
LOAD ./Middlewares/Third_Party/FreeRTOS/Source/list.o
LOAD ./Middlewares/Third_Party/FreeRTOS/Source/queue.o
LOAD ./Middlewares/Third_Party/FreeRTOS/Source/stream_buffer.o
LOAD ./Middlewares/Third_Party/FreeRTOS/Source/tasks.o
LOAD ./Middlewares/Third_Party/FreeRTOS/Source/timers.o
LOAD ./Middlewares/Third_Party/FreeRTOS/Source/portable/GCC/ARM_CM3/port.o
LOAD ./Middlewares/Third_Party/FreeRTOS/Source/portable/MemMang/heap_4.o
START GROUP
LOAD E:/ST/STM32CubeIDE_1.19.0/STM32CubeIDE/plugins/com.st.stm32cube.ide.mcu.externaltools.gnu-tools-for-stm32.13.3.rel1.win32_1.0.0.202411081344/tools/bin/../lib/gcc/arm-none-eabi/13.3.1/../../../../arm-none-eabi/lib/thumb/v7-m/nofp\libc_nano.a
LOAD E:/ST/STM32CubeIDE_1.19.0/STM32CubeIDE/plugins/com.st.stm32cube.ide.mcu.externaltools.gnu-tools-for-stm32.13.3.rel1.win32_1.0.0.202411081344/tools/bin/../lib/gcc/arm-none-eabi/13.3.1/../../../../arm-none-eabi/lib/thumb/v7-m/nofp\libm.a
END GROUP
START GROUP
LOAD E:/ST/STM32CubeIDE_1.19.0/STM32CubeIDE/plugins/com.st.stm32cube.ide.mcu.externaltools.gnu-tools-for-stm32.13.3.rel1.win32_1.0.0.202411081344/tools/bin/../lib/gcc/arm-none-eabi/13.3.1/thumb/v7-m/nofp\libgcc.a
LOAD E:/ST/STM32CubeIDE_1.19.0/STM32CubeIDE/plugins/com.st.stm32cube.ide.mcu.externaltools.gnu-tools-for-stm32.13.3.rel1.win32_1.0.0.202411081344/tools/bin/../lib/gcc/arm-none-eabi/13.3.1/../../../../arm-none-eabi/lib/thumb/v7-m/nofp\libc_nano.a
END GROUP
START GROUP
LOAD E:/ST/STM32CubeIDE_1.19.0/STM32CubeIDE/plugins/com.st.stm32cube.ide.mcu.externaltools.gnu-tools-for-stm32.13.3.rel1.win32_1.0.0.202411081344/tools/bin/../lib/gcc/arm-none-eabi/13.3.1/thumb/v7-m/nofp\libgcc.a
LOAD E:/ST/STM32CubeIDE_1.19.0/STM32CubeIDE/plugins/com.st.stm32cube.ide.mcu.externaltools.gnu-tools-for-stm32.13.3.rel1.win32_1.0.0.202411081344/tools/bin/../lib/gcc/arm-none-eabi/13.3.1/../../../../arm-none-eabi/lib/thumb/v7-m/nofp\libc_nano.a
LOAD E:/ST/STM32CubeIDE_1.19.0/STM32CubeIDE/plugins/com.st.stm32cube.ide.mcu.externaltools.gnu-tools-for-stm32.13.3.rel1.win32_1.0.0.202411081344/tools/bin/../lib/gcc/arm-none-eabi/13.3.1/../../../../arm-none-eabi/lib/thumb/v7-m/nofp\libnosys.a
END GROUP
START GROUP
LOAD E:/ST/STM32CubeIDE_1.19.0/STM32CubeIDE/plugins/com.st.stm32cube.ide.mcu.externaltools.gnu-tools-for-stm32.13.3.rel1.win32_1.0.0.202411081344/tools/bin/../lib/gcc/arm-none-eabi/13.3.1/thumb/v7-m/nofp\libgcc.a
LOAD E:/ST/STM32CubeIDE_1.19.0/STM32CubeIDE/plugins/com.st.stm32cube.ide.mcu.externaltools.gnu-tools-for-stm32.13.3.rel1.win32_1.0.0.202411081344/tools/bin/../lib/gcc/arm-none-eabi/13.3.1/../../../../arm-none-eabi/lib/thumb/v7-m/nofp\libc_nano.a
LOAD E:/ST/STM32CubeIDE_1.19.0/STM32CubeIDE/plugins/com.st.stm32cube.ide.mcu.externaltools.gnu-tools-for-stm32.13.3.rel1.win32_1.0.0.202411081344/tools/bin/../lib/gcc/arm-none-eabi/13.3.1/../../../../arm-none-eabi/lib/thumb/v7-m/nofp\libnosys.a
END GROUP
LOAD E:/ST/STM32CubeIDE_1.19.0/STM32CubeIDE/plugins/com.st.stm32cube.ide.mcu.externaltools.gnu-tools-for-stm32.13.3.rel1.win32_1.0.0.202411081344/tools/bin/../lib/gcc/arm-none-eabi/13.3.1/thumb/v7-m/nofp/crtend.o
LOAD E:/ST/STM32CubeIDE_1.19.0/STM32CubeIDE/plugins/com.st.stm32cube.ide.mcu.externaltools.gnu-tools-for-stm32.13.3.rel1.win32_1.0.0.202411081344/tools/bin/../lib/gcc/arm-none-eabi/13.3.1/thumb/v7-m/nofp/crtn.o
                0x20005000                        _estack = (ORIGIN (RAM) + LENGTH (RAM))
                0x00000200                        _Min_Heap_Size = 0x200
                0x00000400                        _Min_Stack_Size = 0x400

.isr_vector     0x08000000      0x10c
                0x08000000                        . = ALIGN (0x4)
 *(.isr_vector)
 .isr_vector    0x08000000      0x10c ./Core/Startup/startup_stm32f103c8tx.o
                0x08000000                g_pfnVectors
                0x0800010c                        . = ALIGN (0x4)

.text           0x08000110     0x43b4
                0x08000110                        . = ALIGN (0x4)
 *(.text)
 .text          0x08000110       0x40 E:/ST/STM32CubeIDE_1.19.0/STM32CubeIDE/plugins/com.st.stm32cube.ide.mcu.externaltools.gnu-tools-for-stm32.13.3.rel1.win32_1.0.0.202411081344/tools/bin/../lib/gcc/arm-none-eabi/13.3.1/thumb/v7-m/nofp/crtbegin.o
 *(.text*)
 .text.StartMotorTask
                0x08000150        0xa ./Core/Src/freertos.o
                0x08000150                StartMotorTask
 .text.StartMosbusTask
                0x0800015a        0x4 ./Core/Src/freertos.o
                0x0800015a                StartMosbusTask
 *fill*         0x0800015e        0x2 
 .text.StartLedAndRelayTask
                0x08000160       0x1c ./Core/Src/freertos.o
                0x08000160                StartLedAndRelayTask
 .text.StartUart3RxTask
                0x0800017c        0xa ./Core/Src/freertos.o
                0x0800017c                StartUart3RxTask
 *fill*         0x08000186        0x2 
 .text.MX_FREERTOS_Init
                0x08000188       0xb0 ./Core/Src/freertos.o
                0x08000188                MX_FREERTOS_Init
 .text.MX_GPIO_Init
                0x08000238      0x108 ./Core/Src/gpio.o
                0x08000238                MX_GPIO_Init
 .text.SystemClock_Config
                0x08000340       0x5e ./Core/Src/main.o
                0x08000340                SystemClock_Config
 .text.startup.main
                0x0800039e       0x34 ./Core/Src/main.o
                0x0800039e                main
 .text.Error_Handler
                0x080003d2        0x4 ./Core/Src/main.o
                0x080003d2                Error_Handler
 *fill*         0x080003d6        0x2 
 .text.Modbus_IsRegisterWritable
                0x080003d8       0x48 ./Core/Src/modbus_rtu.o
 .text.Modbus_Init
                0x08000420       0x74 ./Core/Src/modbus_rtu.o
                0x08000420                Modbus_Init
 .text.Modbus_SendResponse
                0x08000494       0x50 ./Core/Src/modbus_rtu.o
                0x08000494                Modbus_SendResponse
 .text.Modbus_ReadRegister
                0x080004e4       0x20 ./Core/Src/modbus_rtu.o
                0x080004e4                Modbus_ReadRegister
 .text.Modbus_WriteRegister
                0x08000504       0x20 ./Core/Src/modbus_rtu.o
                0x08000504                Modbus_WriteRegister
 .text.Modbus_CRC16
                0x08000524       0x34 ./Core/Src/modbus_rtu.o
                0x08000524                Modbus_CRC16
 .text.Modbus_SendException
                0x08000558       0x48 ./Core/Src/modbus_rtu.o
                0x08000558                Modbus_SendException
 .text.Modbus_HandleReadInputRegisters.isra.0
                0x080005a0       0xc0 ./Core/Src/modbus_rtu.o
 .text.Modbus_HandleReadHoldingRegisters.isra.0
                0x08000660       0xc0 ./Core/Src/modbus_rtu.o
 .text.Modbus_OnRegisterWrite
                0x08000720       0x28 ./Core/Src/modbus_rtu.o
                0x08000720                Modbus_OnRegisterWrite
 .text.Modbus_ProcessFrame
                0x08000748      0x1a4 ./Core/Src/modbus_rtu.o
                0x08000748                Modbus_ProcessFrame
 .text.Modbus_Task
                0x080008ec       0xa8 ./Core/Src/modbus_rtu.o
                0x080008ec                Modbus_Task
 .text.HAL_UART_RxCpltCallback
                0x08000994       0x54 ./Core/Src/modbus_rtu.o
                0x08000994                HAL_UART_RxCpltCallback
 .text.HAL_MspInit
                0x080009e8       0x50 ./Core/Src/stm32f1xx_hal_msp.o
                0x080009e8                HAL_MspInit
 .text.NMI_Handler
                0x08000a38        0x2 ./Core/Src/stm32f1xx_it.o
                0x08000a38                NMI_Handler
 .text.HardFault_Handler
                0x08000a3a        0x2 ./Core/Src/stm32f1xx_it.o
                0x08000a3a                HardFault_Handler
 .text.MemManage_Handler
                0x08000a3c        0x2 ./Core/Src/stm32f1xx_it.o
                0x08000a3c                MemManage_Handler
 .text.BusFault_Handler
                0x08000a3e        0x2 ./Core/Src/stm32f1xx_it.o
                0x08000a3e                BusFault_Handler
 .text.UsageFault_Handler
                0x08000a40        0x2 ./Core/Src/stm32f1xx_it.o
                0x08000a40                UsageFault_Handler
 .text.DebugMon_Handler
                0x08000a42        0x2 ./Core/Src/stm32f1xx_it.o
                0x08000a42                DebugMon_Handler
 .text.SysTick_Handler
                0x08000a44       0x18 ./Core/Src/stm32f1xx_it.o
                0x08000a44                SysTick_Handler
 .text.USART1_IRQHandler
                0x08000a5c        0xc ./Core/Src/stm32f1xx_it.o
                0x08000a5c                USART1_IRQHandler
 .text.USART2_IRQHandler
                0x08000a68        0xc ./Core/Src/stm32f1xx_it.o
                0x08000a68                USART2_IRQHandler
 .text.SystemInit
                0x08000a74        0x2 ./Core/Src/system_stm32f1xx.o
                0x08000a74                SystemInit
 *fill*         0x08000a76        0x2 
 .text.MX_TIM2_Init
                0x08000a78       0xa8 ./Core/Src/tim.o
                0x08000a78                MX_TIM2_Init
 .text.MX_TIM4_Init
                0x08000b20       0xa8 ./Core/Src/tim.o
                0x08000b20                MX_TIM4_Init
 .text.HAL_TIM_Base_MspInit
                0x08000bc8       0x98 ./Core/Src/tim.o
                0x08000bc8                HAL_TIM_Base_MspInit
 .text.HAL_TIM_PWM_MspInit
                0x08000c60       0x28 ./Core/Src/tim.o
                0x08000c60                HAL_TIM_PWM_MspInit
 .text.HAL_TIM_MspPostInit
                0x08000c88       0x4c ./Core/Src/tim.o
                0x08000c88                HAL_TIM_MspPostInit
 .text.MX_TIM3_Init
                0x08000cd4       0x80 ./Core/Src/tim.o
                0x08000cd4                MX_TIM3_Init
 .text.MX_USART1_UART_Init
                0x08000d54       0x38 ./Core/Src/usart.o
                0x08000d54                MX_USART1_UART_Init
 .text.MX_USART2_UART_Init
                0x08000d8c       0x38 ./Core/Src/usart.o
                0x08000d8c                MX_USART2_UART_Init
 .text.MX_USART3_UART_Init
                0x08000dc4       0x38 ./Core/Src/usart.o
                0x08000dc4                MX_USART3_UART_Init
 .text.HAL_UART_MspInit
                0x08000dfc      0x14c ./Core/Src/usart.o
                0x08000dfc                HAL_UART_MspInit
 .text.Reset_Handler
                0x08000f48       0x48 ./Core/Startup/startup_stm32f103c8tx.o
                0x08000f48                Reset_Handler
 .text.Default_Handler
                0x08000f90        0x2 ./Core/Startup/startup_stm32f103c8tx.o
                0x08000f90                RTC_Alarm_IRQHandler
                0x08000f90                EXTI2_IRQHandler
                0x08000f90                TIM1_CC_IRQHandler
                0x08000f90                PVD_IRQHandler
                0x08000f90                EXTI3_IRQHandler
                0x08000f90                EXTI0_IRQHandler
                0x08000f90                I2C2_EV_IRQHandler
                0x08000f90                ADC1_2_IRQHandler
                0x08000f90                SPI1_IRQHandler
                0x08000f90                TAMPER_IRQHandler
                0x08000f90                DMA1_Channel4_IRQHandler
                0x08000f90                USART3_IRQHandler
                0x08000f90                RTC_IRQHandler
                0x08000f90                DMA1_Channel7_IRQHandler
                0x08000f90                CAN1_RX1_IRQHandler
                0x08000f90                TIM4_IRQHandler
                0x08000f90                I2C1_EV_IRQHandler
                0x08000f90                DMA1_Channel6_IRQHandler
                0x08000f90                TIM3_IRQHandler
                0x08000f90                RCC_IRQHandler
                0x08000f90                TIM1_TRG_COM_IRQHandler
                0x08000f90                DMA1_Channel1_IRQHandler
                0x08000f90                Default_Handler
                0x08000f90                EXTI15_10_IRQHandler
                0x08000f90                EXTI9_5_IRQHandler
                0x08000f90                SPI2_IRQHandler
                0x08000f90                DMA1_Channel5_IRQHandler
                0x08000f90                EXTI4_IRQHandler
                0x08000f90                USB_LP_CAN1_RX0_IRQHandler
                0x08000f90                USB_HP_CAN1_TX_IRQHandler
                0x08000f90                DMA1_Channel3_IRQHandler
                0x08000f90                TIM1_UP_IRQHandler
                0x08000f90                WWDG_IRQHandler
                0x08000f90                TIM2_IRQHandler
                0x08000f90                TIM1_BRK_IRQHandler
                0x08000f90                EXTI1_IRQHandler
                0x08000f90                I2C2_ER_IRQHandler
                0x08000f90                DMA1_Channel2_IRQHandler
                0x08000f90                CAN1_SCE_IRQHandler
                0x08000f90                FLASH_IRQHandler
                0x08000f90                I2C1_ER_IRQHandler
                0x08000f90                USBWakeUp_IRQHandler
 *fill*         0x08000f92        0x2 
 .text.HAL_InitTick
                0x08000f94       0x48 ./Drivers/STM32F1xx_HAL_Driver/Src/stm32f1xx_hal.o
                0x08000f94                HAL_InitTick
 .text.HAL_Init
                0x08000fdc       0x24 ./Drivers/STM32F1xx_HAL_Driver/Src/stm32f1xx_hal.o
                0x08000fdc                HAL_Init
 .text.HAL_IncTick
                0x08001000       0x18 ./Drivers/STM32F1xx_HAL_Driver/Src/stm32f1xx_hal.o
                0x08001000                HAL_IncTick
 .text.HAL_GetTick
                0x08001018        0xc ./Drivers/STM32F1xx_HAL_Driver/Src/stm32f1xx_hal.o
                0x08001018                HAL_GetTick
 .text.HAL_NVIC_SetPriorityGrouping
                0x08001024       0x24 ./Drivers/STM32F1xx_HAL_Driver/Src/stm32f1xx_hal_cortex.o
                0x08001024                HAL_NVIC_SetPriorityGrouping
 .text.HAL_NVIC_SetPriority
                0x08001048       0x60 ./Drivers/STM32F1xx_HAL_Driver/Src/stm32f1xx_hal_cortex.o
                0x08001048                HAL_NVIC_SetPriority
 .text.HAL_NVIC_EnableIRQ
                0x080010a8       0x1c ./Drivers/STM32F1xx_HAL_Driver/Src/stm32f1xx_hal_cortex.o
                0x080010a8                HAL_NVIC_EnableIRQ
 .text.HAL_SYSTICK_Config
                0x080010c4       0x28 ./Drivers/STM32F1xx_HAL_Driver/Src/stm32f1xx_hal_cortex.o
                0x080010c4                HAL_SYSTICK_Config
 .text.HAL_DMA_Abort
                0x080010ec       0x3e ./Drivers/STM32F1xx_HAL_Driver/Src/stm32f1xx_hal_dma.o
                0x080010ec                HAL_DMA_Abort
 *fill*         0x0800112a        0x2 
 .text.HAL_DMA_Abort_IT
                0x0800112c       0x8c ./Drivers/STM32F1xx_HAL_Driver/Src/stm32f1xx_hal_dma.o
                0x0800112c                HAL_DMA_Abort_IT
 .text.HAL_GPIO_Init
                0x080011b8      0x1a8 ./Drivers/STM32F1xx_HAL_Driver/Src/stm32f1xx_hal_gpio.o
                0x080011b8                HAL_GPIO_Init
 .text.HAL_GPIO_WritePin
                0x08001360        0xa ./Drivers/STM32F1xx_HAL_Driver/Src/stm32f1xx_hal_gpio.o
                0x08001360                HAL_GPIO_WritePin
 .text.HAL_GPIO_TogglePin
                0x0800136a       0x12 ./Drivers/STM32F1xx_HAL_Driver/Src/stm32f1xx_hal_gpio.o
                0x0800136a                HAL_GPIO_TogglePin
 .text.HAL_RCC_OscConfig
                0x0800137c      0x338 ./Drivers/STM32F1xx_HAL_Driver/Src/stm32f1xx_hal_rcc.o
                0x0800137c                HAL_RCC_OscConfig
 .text.HAL_RCC_GetSysClockFreq
                0x080016b4       0x4c ./Drivers/STM32F1xx_HAL_Driver/Src/stm32f1xx_hal_rcc.o
                0x080016b4                HAL_RCC_GetSysClockFreq
 .text.HAL_RCC_ClockConfig
                0x08001700      0x138 ./Drivers/STM32F1xx_HAL_Driver/Src/stm32f1xx_hal_rcc.o
                0x08001700                HAL_RCC_ClockConfig
 .text.HAL_RCC_GetPCLK1Freq
                0x08001838       0x20 ./Drivers/STM32F1xx_HAL_Driver/Src/stm32f1xx_hal_rcc.o
                0x08001838                HAL_RCC_GetPCLK1Freq
 .text.HAL_RCC_GetPCLK2Freq
                0x08001858       0x20 ./Drivers/STM32F1xx_HAL_Driver/Src/stm32f1xx_hal_rcc.o
                0x08001858                HAL_RCC_GetPCLK2Freq
 .text.TIM_OC1_SetConfig
                0x08001878       0x50 ./Drivers/STM32F1xx_HAL_Driver/Src/stm32f1xx_hal_tim.o
 .text.TIM_OC3_SetConfig
                0x080018c8       0x54 ./Drivers/STM32F1xx_HAL_Driver/Src/stm32f1xx_hal_tim.o
 .text.TIM_OC4_SetConfig
                0x0800191c       0x44 ./Drivers/STM32F1xx_HAL_Driver/Src/stm32f1xx_hal_tim.o
 .text.HAL_TIM_IC_MspInit
                0x08001960        0x2 ./Drivers/STM32F1xx_HAL_Driver/Src/stm32f1xx_hal_tim.o
                0x08001960                HAL_TIM_IC_MspInit
 *fill*         0x08001962        0x2 
 .text.TIM_Base_SetConfig
                0x08001964       0x64 ./Drivers/STM32F1xx_HAL_Driver/Src/stm32f1xx_hal_tim.o
                0x08001964                TIM_Base_SetConfig
 .text.HAL_TIM_Base_Init
                0x080019c8       0x58 ./Drivers/STM32F1xx_HAL_Driver/Src/stm32f1xx_hal_tim.o
                0x080019c8                HAL_TIM_Base_Init
 .text.HAL_TIM_PWM_Init
                0x08001a20       0x58 ./Drivers/STM32F1xx_HAL_Driver/Src/stm32f1xx_hal_tim.o
                0x08001a20                HAL_TIM_PWM_Init
 .text.HAL_TIM_IC_Init
                0x08001a78       0x58 ./Drivers/STM32F1xx_HAL_Driver/Src/stm32f1xx_hal_tim.o
                0x08001a78                HAL_TIM_IC_Init
 .text.TIM_OC2_SetConfig
                0x08001ad0       0x58 ./Drivers/STM32F1xx_HAL_Driver/Src/stm32f1xx_hal_tim.o
                0x08001ad0                TIM_OC2_SetConfig
 .text.HAL_TIM_PWM_ConfigChannel
                0x08001b28       0xb0 ./Drivers/STM32F1xx_HAL_Driver/Src/stm32f1xx_hal_tim.o
                0x08001b28                HAL_TIM_PWM_ConfigChannel
 .text.TIM_TI1_SetConfig
                0x08001bd8       0x50 ./Drivers/STM32F1xx_HAL_Driver/Src/stm32f1xx_hal_tim.o
                0x08001bd8                TIM_TI1_SetConfig
 .text.HAL_TIM_IC_ConfigChannel
                0x08001c28      0x116 ./Drivers/STM32F1xx_HAL_Driver/Src/stm32f1xx_hal_tim.o
                0x08001c28                HAL_TIM_IC_ConfigChannel
 .text.TIM_ETR_SetConfig
                0x08001d3e       0x14 ./Drivers/STM32F1xx_HAL_Driver/Src/stm32f1xx_hal_tim.o
                0x08001d3e                TIM_ETR_SetConfig
 .text.HAL_TIM_ConfigClockSource
                0x08001d52      0x132 ./Drivers/STM32F1xx_HAL_Driver/Src/stm32f1xx_hal_tim.o
                0x08001d52                HAL_TIM_ConfigClockSource
 .text.HAL_TIMEx_MasterConfigSynchronization
                0x08001e84       0x5c ./Drivers/STM32F1xx_HAL_Driver/Src/stm32f1xx_hal_tim_ex.o
                0x08001e84                HAL_TIMEx_MasterConfigSynchronization
 .text.UART_EndRxTransfer
                0x08001ee0       0x5c ./Drivers/STM32F1xx_HAL_Driver/Src/stm32f1xx_hal_uart.o
 .text.UART_SetConfig
                0x08001f3c       0x74 ./Drivers/STM32F1xx_HAL_Driver/Src/stm32f1xx_hal_uart.o
 .text.UART_WaitOnFlagUntilTimeout.constprop.0
                0x08001fb0       0x64 ./Drivers/STM32F1xx_HAL_Driver/Src/stm32f1xx_hal_uart.o
 .text.HAL_UART_Init
                0x08002014       0x5e ./Drivers/STM32F1xx_HAL_Driver/Src/stm32f1xx_hal_uart.o
                0x08002014                HAL_UART_Init
 .text.HAL_UART_Transmit
                0x08002072       0x9c ./Drivers/STM32F1xx_HAL_Driver/Src/stm32f1xx_hal_uart.o
                0x08002072                HAL_UART_Transmit
 .text.HAL_UART_TxCpltCallback
                0x0800210e        0x2 ./Drivers/STM32F1xx_HAL_Driver/Src/stm32f1xx_hal_uart.o
                0x0800210e                HAL_UART_TxCpltCallback
 .text.HAL_UART_ErrorCallback
                0x08002110        0x2 ./Drivers/STM32F1xx_HAL_Driver/Src/stm32f1xx_hal_uart.o
                0x08002110                HAL_UART_ErrorCallback
 .text.UART_DMAAbortOnError
                0x08002112       0x10 ./Drivers/STM32F1xx_HAL_Driver/Src/stm32f1xx_hal_uart.o
 .text.HAL_UART_AbortReceiveCpltCallback
                0x08002122        0x2 ./Drivers/STM32F1xx_HAL_Driver/Src/stm32f1xx_hal_uart.o
                0x08002122                HAL_UART_AbortReceiveCpltCallback
 .text.HAL_UART_AbortReceive_IT
                0x08002124       0xb0 ./Drivers/STM32F1xx_HAL_Driver/Src/stm32f1xx_hal_uart.o
                0x08002124                HAL_UART_AbortReceive_IT
 .text.UART_DMARxOnlyAbortCallback
                0x080021d4       0x16 ./Drivers/STM32F1xx_HAL_Driver/Src/stm32f1xx_hal_uart.o
 .text.HAL_UARTEx_RxEventCallback
                0x080021ea        0x2 ./Drivers/STM32F1xx_HAL_Driver/Src/stm32f1xx_hal_uart.o
                0x080021ea                HAL_UARTEx_RxEventCallback
 .text.UART_Receive_IT.isra.0
                0x080021ec       0xb6 ./Drivers/STM32F1xx_HAL_Driver/Src/stm32f1xx_hal_uart.o
 *fill*         0x080022a2        0x2 
 .text.HAL_UART_IRQHandler
                0x080022a4      0x294 ./Drivers/STM32F1xx_HAL_Driver/Src/stm32f1xx_hal_uart.o
                0x080022a4                HAL_UART_IRQHandler
 .text.UART_Start_Receive_IT
                0x08002538       0x32 ./Drivers/STM32F1xx_HAL_Driver/Src/stm32f1xx_hal_uart.o
                0x08002538                UART_Start_Receive_IT
 .text.HAL_UART_Receive_IT
                0x0800256a       0x22 ./Drivers/STM32F1xx_HAL_Driver/Src/stm32f1xx_hal_uart.o
                0x0800256a                HAL_UART_Receive_IT
 .text.osKernelInitialize
                0x0800258c       0x24 ./Middlewares/Third_Party/FreeRTOS/Source/CMSIS_RTOS_V2/cmsis_os2.o
                0x0800258c                osKernelInitialize
 .text.osKernelStart
                0x080025b0       0x34 ./Middlewares/Third_Party/FreeRTOS/Source/CMSIS_RTOS_V2/cmsis_os2.o
                0x080025b0                osKernelStart
 .text.osThreadNew
                0x080025e4       0x88 ./Middlewares/Third_Party/FreeRTOS/Source/CMSIS_RTOS_V2/cmsis_os2.o
                0x080025e4                osThreadNew
 .text.osDelay  0x0800266c       0x18 ./Middlewares/Third_Party/FreeRTOS/Source/CMSIS_RTOS_V2/cmsis_os2.o
                0x0800266c                osDelay
 .text.osMutexNew
                0x08002684       0x70 ./Middlewares/Third_Party/FreeRTOS/Source/CMSIS_RTOS_V2/cmsis_os2.o
                0x08002684                osMutexNew
 .text.osMutexAcquire
                0x080026f4       0x46 ./Middlewares/Third_Party/FreeRTOS/Source/CMSIS_RTOS_V2/cmsis_os2.o
                0x080026f4                osMutexAcquire
 .text.osMutexRelease
                0x0800273a       0x3e ./Middlewares/Third_Party/FreeRTOS/Source/CMSIS_RTOS_V2/cmsis_os2.o
                0x0800273a                osMutexRelease
 .text.osMessageQueueNew
                0x08002778       0x76 ./Middlewares/Third_Party/FreeRTOS/Source/CMSIS_RTOS_V2/cmsis_os2.o
                0x08002778                osMessageQueueNew
 *fill*         0x080027ee        0x2 
 .text.vApplicationGetIdleTaskMemory
                0x080027f0       0x18 ./Middlewares/Third_Party/FreeRTOS/Source/CMSIS_RTOS_V2/cmsis_os2.o
                0x080027f0                vApplicationGetIdleTaskMemory
 .text.vApplicationGetTimerTaskMemory
                0x08002808       0x18 ./Middlewares/Third_Party/FreeRTOS/Source/CMSIS_RTOS_V2/cmsis_os2.o
                0x08002808                vApplicationGetTimerTaskMemory
 .text.vListInitialise
                0x08002820       0x16 ./Middlewares/Third_Party/FreeRTOS/Source/list.o
                0x08002820                vListInitialise
 .text.vListInitialiseItem
                0x08002836        0x6 ./Middlewares/Third_Party/FreeRTOS/Source/list.o
                0x08002836                vListInitialiseItem
 .text.vListInsertEnd
                0x0800283c       0x16 ./Middlewares/Third_Party/FreeRTOS/Source/list.o
                0x0800283c                vListInsertEnd
 .text.vListInsert
                0x08002852       0x2e ./Middlewares/Third_Party/FreeRTOS/Source/list.o
                0x08002852                vListInsert
 .text.uxListRemove
                0x08002880       0x20 ./Middlewares/Third_Party/FreeRTOS/Source/list.o
                0x08002880                uxListRemove
 .text.prvIsQueueEmpty
                0x080028a0       0x16 ./Middlewares/Third_Party/FreeRTOS/Source/queue.o
 .text.prvCopyDataToQueue
                0x080028b6       0x66 ./Middlewares/Third_Party/FreeRTOS/Source/queue.o
 .text.prvCopyDataFromQueue
                0x0800291c       0x28 ./Middlewares/Third_Party/FreeRTOS/Source/queue.o
 .text.prvUnlockQueue
                0x08002944       0x6c ./Middlewares/Third_Party/FreeRTOS/Source/queue.o
 .text.xQueueGenericReset
                0x080029b0       0x7e ./Middlewares/Third_Party/FreeRTOS/Source/queue.o
                0x080029b0                xQueueGenericReset
 .text.xQueueGenericCreateStatic
                0x08002a2e       0x9c ./Middlewares/Third_Party/FreeRTOS/Source/queue.o
                0x08002a2e                xQueueGenericCreateStatic
 .text.xQueueGenericCreate
                0x08002aca       0x4e ./Middlewares/Third_Party/FreeRTOS/Source/queue.o
                0x08002aca                xQueueGenericCreate
 .text.xQueueGenericSend
                0x08002b18      0x164 ./Middlewares/Third_Party/FreeRTOS/Source/queue.o
                0x08002b18                xQueueGenericSend
 .text.xQueueCreateMutexStatic
                0x08002c7c       0x2a ./Middlewares/Third_Party/FreeRTOS/Source/queue.o
                0x08002c7c                xQueueCreateMutexStatic
 .text.xQueueGiveMutexRecursive
                0x08002ca6       0x3e ./Middlewares/Third_Party/FreeRTOS/Source/queue.o
                0x08002ca6                xQueueGiveMutexRecursive
 .text.xQueueCreateMutex
                0x08002ce4       0x3a ./Middlewares/Third_Party/FreeRTOS/Source/queue.o
                0x08002ce4                xQueueCreateMutex
 .text.xQueueGenericSendFromISR
                0x08002d1e       0xba ./Middlewares/Third_Party/FreeRTOS/Source/queue.o
                0x08002d1e                xQueueGenericSendFromISR
 .text.xQueueReceive
                0x08002dd8      0x13c ./Middlewares/Third_Party/FreeRTOS/Source/queue.o
                0x08002dd8                xQueueReceive
 .text.xQueueSemaphoreTake
                0x08002f14      0x17a ./Middlewares/Third_Party/FreeRTOS/Source/queue.o
                0x08002f14                xQueueSemaphoreTake
 .text.xQueueTakeMutexRecursive
                0x0800308e       0x42 ./Middlewares/Third_Party/FreeRTOS/Source/queue.o
                0x0800308e                xQueueTakeMutexRecursive
 .text.vQueueAddToRegistry
                0x080030d0       0x24 ./Middlewares/Third_Party/FreeRTOS/Source/queue.o
                0x080030d0                vQueueAddToRegistry
 .text.vQueueWaitForMessageRestricted
                0x080030f4       0x46 ./Middlewares/Third_Party/FreeRTOS/Source/queue.o
                0x080030f4                vQueueWaitForMessageRestricted
 *fill*         0x0800313a        0x2 
 .text.prvAddNewTaskToReadyList
                0x0800313c      0x100 ./Middlewares/Third_Party/FreeRTOS/Source/tasks.o
 .text.prvAddCurrentTaskToDelayedList
                0x0800323c       0x70 ./Middlewares/Third_Party/FreeRTOS/Source/tasks.o
 .text.prvResetNextTaskUnblockTime
                0x080032ac       0x24 ./Middlewares/Third_Party/FreeRTOS/Source/tasks.o
 .text.prvDeleteTCB
                0x080032d0       0x36 ./Middlewares/Third_Party/FreeRTOS/Source/tasks.o
 *fill*         0x08003306        0x2 
 .text.prvIdleTask
                0x08003308       0x60 ./Middlewares/Third_Party/FreeRTOS/Source/tasks.o
 .text.prvInitialiseNewTask.constprop.0
                0x08003368       0x96 ./Middlewares/Third_Party/FreeRTOS/Source/tasks.o
 .text.xTaskCreateStatic
                0x080033fe       0x70 ./Middlewares/Third_Party/FreeRTOS/Source/tasks.o
                0x080033fe                xTaskCreateStatic
 .text.xTaskCreate
                0x0800346e       0x5c ./Middlewares/Third_Party/FreeRTOS/Source/tasks.o
                0x0800346e                xTaskCreate
 *fill*         0x080034ca        0x2 
 .text.vTaskStartScheduler
                0x080034cc       0x8c ./Middlewares/Third_Party/FreeRTOS/Source/tasks.o
                0x080034cc                vTaskStartScheduler
 .text.vTaskSuspendAll
                0x08003558       0x10 ./Middlewares/Third_Party/FreeRTOS/Source/tasks.o
                0x08003558                vTaskSuspendAll
 .text.xTaskGetTickCount
                0x08003568        0xc ./Middlewares/Third_Party/FreeRTOS/Source/tasks.o
                0x08003568                xTaskGetTickCount
 .text.xTaskIncrementTick
                0x08003574      0x130 ./Middlewares/Third_Party/FreeRTOS/Source/tasks.o
                0x08003574                xTaskIncrementTick
 .text.xTaskResumeAll
                0x080036a4       0xe8 ./Middlewares/Third_Party/FreeRTOS/Source/tasks.o
                0x080036a4                xTaskResumeAll
 .text.vTaskDelay
                0x0800378c       0x48 ./Middlewares/Third_Party/FreeRTOS/Source/tasks.o
                0x0800378c                vTaskDelay
 .text.vTaskSwitchContext
                0x080037d4       0x78 ./Middlewares/Third_Party/FreeRTOS/Source/tasks.o
                0x080037d4                vTaskSwitchContext
 .text.vTaskPlaceOnEventList
                0x0800384c       0x34 ./Middlewares/Third_Party/FreeRTOS/Source/tasks.o
                0x0800384c                vTaskPlaceOnEventList
 .text.vTaskPlaceOnEventListRestricted
                0x08003880       0x40 ./Middlewares/Third_Party/FreeRTOS/Source/tasks.o
                0x08003880                vTaskPlaceOnEventListRestricted
 .text.xTaskRemoveFromEventList
                0x080038c0       0x80 ./Middlewares/Third_Party/FreeRTOS/Source/tasks.o
                0x080038c0                xTaskRemoveFromEventList
 .text.vTaskInternalSetTimeOutState
                0x08003940       0x18 ./Middlewares/Third_Party/FreeRTOS/Source/tasks.o
                0x08003940                vTaskInternalSetTimeOutState
 .text.xTaskCheckForTimeOut
                0x08003958       0x78 ./Middlewares/Third_Party/FreeRTOS/Source/tasks.o
                0x08003958                xTaskCheckForTimeOut
 .text.vTaskMissedYield
                0x080039d0        0xc ./Middlewares/Third_Party/FreeRTOS/Source/tasks.o
                0x080039d0                vTaskMissedYield
 .text.xTaskGetCurrentTaskHandle
                0x080039dc        0xc ./Middlewares/Third_Party/FreeRTOS/Source/tasks.o
                0x080039dc                xTaskGetCurrentTaskHandle
 .text.xTaskGetSchedulerState
                0x080039e8       0x20 ./Middlewares/Third_Party/FreeRTOS/Source/tasks.o
                0x080039e8                xTaskGetSchedulerState
 .text.xTaskPriorityInherit
                0x08003a08       0x7c ./Middlewares/Third_Party/FreeRTOS/Source/tasks.o
                0x08003a08                xTaskPriorityInherit
 .text.xTaskPriorityDisinherit
                0x08003a84       0x84 ./Middlewares/Third_Party/FreeRTOS/Source/tasks.o
                0x08003a84                xTaskPriorityDisinherit
 .text.vTaskPriorityDisinheritAfterTimeout
                0x08003b08       0x9c ./Middlewares/Third_Party/FreeRTOS/Source/tasks.o
                0x08003b08                vTaskPriorityDisinheritAfterTimeout
 .text.pvTaskIncrementMutexHeldCount
                0x08003ba4       0x18 ./Middlewares/Third_Party/FreeRTOS/Source/tasks.o
                0x08003ba4                pvTaskIncrementMutexHeldCount
 .text.prvInsertTimerInActiveList
                0x08003bbc       0x3c ./Middlewares/Third_Party/FreeRTOS/Source/timers.o
 .text.prvCheckForValidListAndQueue
                0x08003bf8       0x68 ./Middlewares/Third_Party/FreeRTOS/Source/timers.o
 .text.xTimerCreateTimerTask
                0x08003c60       0x64 ./Middlewares/Third_Party/FreeRTOS/Source/timers.o
                0x08003c60                xTimerCreateTimerTask
 .text.xTimerGenericCommand
                0x08003cc4       0x58 ./Middlewares/Third_Party/FreeRTOS/Source/timers.o
                0x08003cc4                xTimerGenericCommand
 .text.prvSampleTimeNow
                0x08003d1c       0xa4 ./Middlewares/Third_Party/FreeRTOS/Source/timers.o
 .text.prvTimerTask
                0x08003dc0      0x1cc ./Middlewares/Third_Party/FreeRTOS/Source/timers.o
 .text.prvPortStartFirstTask
                0x08003f8c       0x20 ./Middlewares/Third_Party/FreeRTOS/Source/portable/GCC/ARM_CM3/port.o
 .text.prvTaskExitError
                0x08003fac       0x40 ./Middlewares/Third_Party/FreeRTOS/Source/portable/GCC/ARM_CM3/port.o
 .text.pxPortInitialiseStack
                0x08003fec       0x24 ./Middlewares/Third_Party/FreeRTOS/Source/portable/GCC/ARM_CM3/port.o
                0x08003fec                pxPortInitialiseStack
 .text.SVC_Handler
                0x08004010       0x24 ./Middlewares/Third_Party/FreeRTOS/Source/portable/GCC/ARM_CM3/port.o
                0x08004010                SVC_Handler
 .text.vPortEnterCritical
                0x08004034       0x40 ./Middlewares/Third_Party/FreeRTOS/Source/portable/GCC/ARM_CM3/port.o
                0x08004034                vPortEnterCritical
 .text.vPortExitCritical
                0x08004074       0x28 ./Middlewares/Third_Party/FreeRTOS/Source/portable/GCC/ARM_CM3/port.o
                0x08004074                vPortExitCritical
 *fill*         0x0800409c        0x4 
 .text.PendSV_Handler
                0x080040a0       0x44 ./Middlewares/Third_Party/FreeRTOS/Source/portable/GCC/ARM_CM3/port.o
                0x080040a0                PendSV_Handler
 .text.xPortSysTickHandler
                0x080040e4       0x2c ./Middlewares/Third_Party/FreeRTOS/Source/portable/GCC/ARM_CM3/port.o
                0x080040e4                xPortSysTickHandler
 .text.vPortSetupTimerInterrupt
                0x08004110       0x24 ./Middlewares/Third_Party/FreeRTOS/Source/portable/GCC/ARM_CM3/port.o
                0x08004110                vPortSetupTimerInterrupt
 .text.xPortStartScheduler
                0x08004134       0xb0 ./Middlewares/Third_Party/FreeRTOS/Source/portable/GCC/ARM_CM3/port.o
                0x08004134                xPortStartScheduler
 .text.vPortValidateInterruptPriority
                0x080041e4       0x5c ./Middlewares/Third_Party/FreeRTOS/Source/portable/GCC/ARM_CM3/port.o
                0x080041e4                vPortValidateInterruptPriority
 .text.prvInsertBlockIntoFreeList
                0x08004240       0x4c ./Middlewares/Third_Party/FreeRTOS/Source/portable/MemMang/heap_4.o
 .text.pvPortMalloc
                0x0800428c      0x130 ./Middlewares/Third_Party/FreeRTOS/Source/portable/MemMang/heap_4.o
                0x0800428c                pvPortMalloc
 .text.vPortFree
                0x080043bc       0x7c ./Middlewares/Third_Party/FreeRTOS/Source/portable/MemMang/heap_4.o
                0x080043bc                vPortFree
 .text.memset   0x08004438       0x10 E:/ST/STM32CubeIDE_1.19.0/STM32CubeIDE/plugins/com.st.stm32cube.ide.mcu.externaltools.gnu-tools-for-stm32.13.3.rel1.win32_1.0.0.202411081344/tools/bin/../lib/gcc/arm-none-eabi/13.3.1/../../../../arm-none-eabi/lib/thumb/v7-m/nofp\libc_nano.a(libc_a-memset.o)
                0x08004438                memset
 .text.__libc_init_array
                0x08004448       0x48 E:/ST/STM32CubeIDE_1.19.0/STM32CubeIDE/plugins/com.st.stm32cube.ide.mcu.externaltools.gnu-tools-for-stm32.13.3.rel1.win32_1.0.0.202411081344/tools/bin/../lib/gcc/arm-none-eabi/13.3.1/../../../../arm-none-eabi/lib/thumb/v7-m/nofp\libc_nano.a(libc_a-init.o)
                0x08004448                __libc_init_array
 .text.memcpy   0x08004490       0x1c E:/ST/STM32CubeIDE_1.19.0/STM32CubeIDE/plugins/com.st.stm32cube.ide.mcu.externaltools.gnu-tools-for-stm32.13.3.rel1.win32_1.0.0.202411081344/tools/bin/../lib/gcc/arm-none-eabi/13.3.1/../../../../arm-none-eabi/lib/thumb/v7-m/nofp\libc_nano.a(libc_a-memcpy-stub.o)
                0x08004490                memcpy
 *(.glue_7)
 .glue_7        0x080044ac        0x0 linker stubs
 *(.glue_7t)
 .glue_7t       0x080044ac        0x0 linker stubs
 *(.eh_frame)
 .eh_frame      0x080044ac        0x0 E:/ST/STM32CubeIDE_1.19.0/STM32CubeIDE/plugins/com.st.stm32cube.ide.mcu.externaltools.gnu-tools-for-stm32.13.3.rel1.win32_1.0.0.202411081344/tools/bin/../lib/gcc/arm-none-eabi/13.3.1/thumb/v7-m/nofp/crtbegin.o
 *(.init)
 .init          0x080044ac        0x4 E:/ST/STM32CubeIDE_1.19.0/STM32CubeIDE/plugins/com.st.stm32cube.ide.mcu.externaltools.gnu-tools-for-stm32.13.3.rel1.win32_1.0.0.202411081344/tools/bin/../lib/gcc/arm-none-eabi/13.3.1/thumb/v7-m/nofp/crti.o
                0x080044ac                _init
 .init          0x080044b0        0x8 E:/ST/STM32CubeIDE_1.19.0/STM32CubeIDE/plugins/com.st.stm32cube.ide.mcu.externaltools.gnu-tools-for-stm32.13.3.rel1.win32_1.0.0.202411081344/tools/bin/../lib/gcc/arm-none-eabi/13.3.1/thumb/v7-m/nofp/crtn.o
 *(.fini)
 .fini          0x080044b8        0x4 E:/ST/STM32CubeIDE_1.19.0/STM32CubeIDE/plugins/com.st.stm32cube.ide.mcu.externaltools.gnu-tools-for-stm32.13.3.rel1.win32_1.0.0.202411081344/tools/bin/../lib/gcc/arm-none-eabi/13.3.1/thumb/v7-m/nofp/crti.o
                0x080044b8                _fini
 .fini          0x080044bc        0x8 E:/ST/STM32CubeIDE_1.19.0/STM32CubeIDE/plugins/com.st.stm32cube.ide.mcu.externaltools.gnu-tools-for-stm32.13.3.rel1.win32_1.0.0.202411081344/tools/bin/../lib/gcc/arm-none-eabi/13.3.1/thumb/v7-m/nofp/crtn.o
                0x080044c4                        . = ALIGN (0x4)
                0x080044c4                        _etext = .

.vfp11_veneer   0x080044c4        0x0
 .vfp11_veneer  0x080044c4        0x0 linker stubs

.v4_bx          0x080044c4        0x0
 .v4_bx         0x080044c4        0x0 linker stubs

.iplt           0x080044c4        0x0
 .iplt          0x080044c4        0x0 E:/ST/STM32CubeIDE_1.19.0/STM32CubeIDE/plugins/com.st.stm32cube.ide.mcu.externaltools.gnu-tools-for-stm32.13.3.rel1.win32_1.0.0.202411081344/tools/bin/../lib/gcc/arm-none-eabi/13.3.1/thumb/v7-m/nofp/crtbegin.o

.rodata         0x080044c4      0x594
                0x080044c4                        . = ALIGN (0x4)
 *(.rodata)
 *(.rodata*)
 .rodata.str1.1
                0x080044c4       0x69 ./Core/Src/freertos.o
                                 0x57 (size before relaxing)
 *fill*         0x0800452d        0x3 
 .rodata.modbusMutex_attributes
                0x08004530       0x10 ./Core/Src/freertos.o
                0x08004530                modbusMutex_attributes
 .rodata.uart3RQueue_attributes
                0x08004540       0x18 ./Core/Src/freertos.o
                0x08004540                uart3RQueue_attributes
 .rodata.modbusQueue_attributes
                0x08004558       0x18 ./Core/Src/freertos.o
                0x08004558                modbusQueue_attributes
 .rodata.uarrt3RxTask_attributes
                0x08004570       0x24 ./Core/Src/freertos.o
                0x08004570                uarrt3RxTask_attributes
 .rodata.ledAndRelayTask_attributes
                0x08004594       0x24 ./Core/Src/freertos.o
                0x08004594                ledAndRelayTask_attributes
 .rodata.modbusTassk_attributes
                0x080045b8       0x24 ./Core/Src/freertos.o
                0x080045b8                modbusTassk_attributes
 .rodata.MotorTask_attributes
                0x080045dc       0x24 ./Core/Src/freertos.o
                0x080045dc                MotorTask_attributes
 .rodata.CSWTCH.53
                0x08004600      0x42c ./Core/Src/modbus_rtu.o
 .rodata.APBPrescTable
                0x08004a2c        0x8 ./Core/Src/system_stm32f1xx.o
                0x08004a2c                APBPrescTable
 .rodata.AHBPrescTable
                0x08004a34       0x10 ./Core/Src/system_stm32f1xx.o
                0x08004a34                AHBPrescTable
 .rodata.aPredivFactorTable.0
                0x08004a44        0x2 ./Drivers/STM32F1xx_HAL_Driver/Src/stm32f1xx_hal_rcc.o
 .rodata.aPLLMULFactorTable.1
                0x08004a46       0x10 ./Drivers/STM32F1xx_HAL_Driver/Src/stm32f1xx_hal_rcc.o
 .rodata.vTaskStartScheduler.str1.1
                0x08004a56        0x5 ./Middlewares/Third_Party/FreeRTOS/Source/tasks.o
 .rodata.prvCheckForValidListAndQueue.str1.1
                0x08004a56        0x5 ./Middlewares/Third_Party/FreeRTOS/Source/timers.o
 .rodata.xTimerCreateTimerTask.str1.1
                0x08004a56        0x8 ./Middlewares/Third_Party/FreeRTOS/Source/timers.o
                0x08004a60                        . = ALIGN (0x4)
 *fill*         0x08004a56        0x2 

.ARM.extab      0x08004a58        0x0
                0x08004a58                        . = ALIGN (0x4)
 *(.ARM.extab* .gnu.linkonce.armextab.*)
                0x08004a58                        . = ALIGN (0x4)

.ARM            0x08004a58        0x0
                0x08004a58                        . = ALIGN (0x4)
                0x08004a58                        __exidx_start = .
 *(.ARM.exidx*)
                0x08004a58                        __exidx_end = .
                0x08004a58                        . = ALIGN (0x4)

.preinit_array  0x08004a58        0x0
                0x08004a58                        . = ALIGN (0x4)
                0x08004a58                        PROVIDE (__preinit_array_start = .)
 *(.preinit_array*)
                0x08004a58                        PROVIDE (__preinit_array_end = .)
                0x08004a58                        . = ALIGN (0x4)

.init_array     0x08004a58        0x4
                0x08004a58                        . = ALIGN (0x4)
                0x08004a58                        PROVIDE (__init_array_start = .)
 *(SORT_BY_NAME(.init_array.*))
 *(.init_array*)
 .init_array    0x08004a58        0x4 E:/ST/STM32CubeIDE_1.19.0/STM32CubeIDE/plugins/com.st.stm32cube.ide.mcu.externaltools.gnu-tools-for-stm32.13.3.rel1.win32_1.0.0.202411081344/tools/bin/../lib/gcc/arm-none-eabi/13.3.1/thumb/v7-m/nofp/crtbegin.o
                0x08004a5c                        PROVIDE (__init_array_end = .)
                0x08004a5c                        . = ALIGN (0x4)

.fini_array     0x08004a5c        0x4
                0x08004a5c                        . = ALIGN (0x4)
                [!provide]                        PROVIDE (__fini_array_start = .)
 *(SORT_BY_NAME(.fini_array.*))
 *(.fini_array*)
 .fini_array    0x08004a5c        0x4 E:/ST/STM32CubeIDE_1.19.0/STM32CubeIDE/plugins/com.st.stm32cube.ide.mcu.externaltools.gnu-tools-for-stm32.13.3.rel1.win32_1.0.0.202411081344/tools/bin/../lib/gcc/arm-none-eabi/13.3.1/thumb/v7-m/nofp/crtbegin.o
                [!provide]                        PROVIDE (__fini_array_end = .)
                0x08004a60                        . = ALIGN (0x4)
                0x08004a60                        _sidata = LOADADDR (.data)

.rel.dyn        0x08004a60        0x0
 .rel.iplt      0x08004a60        0x0 E:/ST/STM32CubeIDE_1.19.0/STM32CubeIDE/plugins/com.st.stm32cube.ide.mcu.externaltools.gnu-tools-for-stm32.13.3.rel1.win32_1.0.0.202411081344/tools/bin/../lib/gcc/arm-none-eabi/13.3.1/thumb/v7-m/nofp/crtbegin.o

.data           0x20000000       0x14 load address 0x08004a60
                0x20000000                        . = ALIGN (0x4)
                0x20000000                        _sdata = .
 *(.data)
 *(.data*)
 .data.modbusSlaveAddr
                0x20000000        0x1 ./Core/Src/modbus_rtu.o
 *fill*         0x20000001        0x3 
 .data.SystemCoreClock
                0x20000004        0x4 ./Core/Src/system_stm32f1xx.o
                0x20000004                SystemCoreClock
 .data.uwTickFreq
                0x20000008        0x1 ./Drivers/STM32F1xx_HAL_Driver/Src/stm32f1xx_hal.o
                0x20000008                uwTickFreq
 *fill*         0x20000009        0x3 
 .data.uwTickPrio
                0x2000000c        0x4 ./Drivers/STM32F1xx_HAL_Driver/Src/stm32f1xx_hal.o
                0x2000000c                uwTickPrio
 .data.uxCriticalNesting
                0x20000010        0x4 ./Middlewares/Third_Party/FreeRTOS/Source/portable/GCC/ARM_CM3/port.o
 *(.RamFunc)
 *(.RamFunc*)
                0x20000014                        . = ALIGN (0x4)
                0x20000014                        _edata = .

.igot.plt       0x20000014        0x0 load address 0x08004a74
 .igot.plt      0x20000014        0x0 E:/ST/STM32CubeIDE_1.19.0/STM32CubeIDE/plugins/com.st.stm32cube.ide.mcu.externaltools.gnu-tools-for-stm32.13.3.rel1.win32_1.0.0.202411081344/tools/bin/../lib/gcc/arm-none-eabi/13.3.1/thumb/v7-m/nofp/crtbegin.o
                0x20000014                        . = ALIGN (0x4)

.bss            0x20000014     0x38ec load address 0x08004a74
                0x20000014                        _sbss = .
                0x20000014                        __bss_start__ = _sbss
 *(.bss)
 .bss           0x20000014       0x1c E:/ST/STM32CubeIDE_1.19.0/STM32CubeIDE/plugins/com.st.stm32cube.ide.mcu.externaltools.gnu-tools-for-stm32.13.3.rel1.win32_1.0.0.202411081344/tools/bin/../lib/gcc/arm-none-eabi/13.3.1/thumb/v7-m/nofp/crtbegin.o
 *(.bss*)
 .bss.modbusMutexHandle
                0x20000030        0x4 ./Core/Src/freertos.o
                0x20000030                modbusMutexHandle
 .bss.uart3RQueueHandle
                0x20000034        0x4 ./Core/Src/freertos.o
                0x20000034                uart3RQueueHandle
 .bss.modbusQueueHandle
                0x20000038        0x4 ./Core/Src/freertos.o
                0x20000038                modbusQueueHandle
 .bss.uarrt3RxTaskHandle
                0x2000003c        0x4 ./Core/Src/freertos.o
                0x2000003c                uarrt3RxTaskHandle
 .bss.ledAndRelayTaskHandle
                0x20000040        0x4 ./Core/Src/freertos.o
                0x20000040                ledAndRelayTaskHandle
 .bss.modbusTasskHandle
                0x20000044        0x4 ./Core/Src/freertos.o
                0x20000044                modbusTasskHandle
 .bss.MotorTaskHandle
                0x20000048        0x4 ./Core/Src/freertos.o
                0x20000048                MotorTaskHandle
 .bss.lastUptimeUpdate.0
                0x2000004c        0x4 ./Core/Src/modbus_rtu.o
 .bss.modbusStats
                0x20000050       0x18 ./Core/Src/modbus_rtu.o
                0x20000050                modbusStats
 .bss.modbusRegs
                0x20000068       0x8e ./Core/Src/modbus_rtu.o
                0x20000068                modbusRegs
 *fill*         0x200000f6        0x2 
 .bss.lastRxTime
                0x200000f8        0x4 ./Core/Src/modbus_rtu.o
 .bss.rxIndex   0x200000fc        0x2 ./Core/Src/modbus_rtu.o
 .bss.rxBuffer  0x200000fe      0x100 ./Core/Src/modbus_rtu.o
 *fill*         0x200001fe        0x2 
 .bss.htim4     0x20000200       0x48 ./Core/Src/tim.o
                0x20000200                htim4
 .bss.htim3     0x20000248       0x48 ./Core/Src/tim.o
                0x20000248                htim3
 .bss.htim2     0x20000290       0x48 ./Core/Src/tim.o
                0x20000290                htim2
 .bss.huart3    0x200002d8       0x48 ./Core/Src/usart.o
                0x200002d8                huart3
 .bss.huart2    0x20000320       0x48 ./Core/Src/usart.o
                0x20000320                huart2
 .bss.huart1    0x20000368       0x48 ./Core/Src/usart.o
                0x20000368                huart1
 .bss.uwTick    0x200003b0        0x4 ./Drivers/STM32F1xx_HAL_Driver/Src/stm32f1xx_hal.o
                0x200003b0                uwTick
 .bss.Timer_Stack.0
                0x200003b4      0x400 ./Middlewares/Third_Party/FreeRTOS/Source/CMSIS_RTOS_V2/cmsis_os2.o
 .bss.Timer_TCB.1
                0x200007b4       0x5c ./Middlewares/Third_Party/FreeRTOS/Source/CMSIS_RTOS_V2/cmsis_os2.o
 .bss.Idle_Stack.2
                0x20000810      0x200 ./Middlewares/Third_Party/FreeRTOS/Source/CMSIS_RTOS_V2/cmsis_os2.o
 .bss.Idle_TCB.3
                0x20000a10       0x5c ./Middlewares/Third_Party/FreeRTOS/Source/CMSIS_RTOS_V2/cmsis_os2.o
 .bss.KernelState
                0x20000a6c        0x4 ./Middlewares/Third_Party/FreeRTOS/Source/CMSIS_RTOS_V2/cmsis_os2.o
 .bss.xQueueRegistry
                0x20000a70       0x40 ./Middlewares/Third_Party/FreeRTOS/Source/queue.o
                0x20000a70                xQueueRegistry
 .bss.uxSchedulerSuspended
                0x20000ab0        0x4 ./Middlewares/Third_Party/FreeRTOS/Source/tasks.o
 .bss.xNextTaskUnblockTime
                0x20000ab4        0x4 ./Middlewares/Third_Party/FreeRTOS/Source/tasks.o
 .bss.uxTaskNumber
                0x20000ab8        0x4 ./Middlewares/Third_Party/FreeRTOS/Source/tasks.o
 .bss.xNumOfOverflows
                0x20000abc        0x4 ./Middlewares/Third_Party/FreeRTOS/Source/tasks.o
 .bss.xYieldPending
                0x20000ac0        0x4 ./Middlewares/Third_Party/FreeRTOS/Source/tasks.o
 .bss.xPendedTicks
                0x20000ac4        0x4 ./Middlewares/Third_Party/FreeRTOS/Source/tasks.o
 .bss.xSchedulerRunning
                0x20000ac8        0x4 ./Middlewares/Third_Party/FreeRTOS/Source/tasks.o
 .bss.uxTopReadyPriority
                0x20000acc        0x4 ./Middlewares/Third_Party/FreeRTOS/Source/tasks.o
 .bss.xTickCount
                0x20000ad0        0x4 ./Middlewares/Third_Party/FreeRTOS/Source/tasks.o
 .bss.uxCurrentNumberOfTasks
                0x20000ad4        0x4 ./Middlewares/Third_Party/FreeRTOS/Source/tasks.o
 .bss.xSuspendedTaskList
                0x20000ad8       0x14 ./Middlewares/Third_Party/FreeRTOS/Source/tasks.o
 .bss.uxDeletedTasksWaitingCleanUp
                0x20000aec        0x4 ./Middlewares/Third_Party/FreeRTOS/Source/tasks.o
 .bss.xTasksWaitingTermination
                0x20000af0       0x14 ./Middlewares/Third_Party/FreeRTOS/Source/tasks.o
 .bss.xPendingReadyList
                0x20000b04       0x14 ./Middlewares/Third_Party/FreeRTOS/Source/tasks.o
 .bss.pxOverflowDelayedTaskList
                0x20000b18        0x4 ./Middlewares/Third_Party/FreeRTOS/Source/tasks.o
 .bss.pxDelayedTaskList
                0x20000b1c        0x4 ./Middlewares/Third_Party/FreeRTOS/Source/tasks.o
 .bss.xDelayedTaskList2
                0x20000b20       0x14 ./Middlewares/Third_Party/FreeRTOS/Source/tasks.o
 .bss.xDelayedTaskList1
                0x20000b34       0x14 ./Middlewares/Third_Party/FreeRTOS/Source/tasks.o
 .bss.pxReadyTasksLists
                0x20000b48      0x460 ./Middlewares/Third_Party/FreeRTOS/Source/tasks.o
 .bss.pxCurrentTCB
                0x20000fa8        0x4 ./Middlewares/Third_Party/FreeRTOS/Source/tasks.o
                0x20000fa8                pxCurrentTCB
 .bss.xStaticTimerQueue.0
                0x20000fac       0x50 ./Middlewares/Third_Party/FreeRTOS/Source/timers.o
 .bss.ucStaticTimerQueueStorage.1
                0x20000ffc       0xa0 ./Middlewares/Third_Party/FreeRTOS/Source/timers.o
 .bss.xLastTime.2
                0x2000109c        0x4 ./Middlewares/Third_Party/FreeRTOS/Source/timers.o
 .bss.xTimerTaskHandle
                0x200010a0        0x4 ./Middlewares/Third_Party/FreeRTOS/Source/timers.o
 .bss.xTimerQueue
                0x200010a4        0x4 ./Middlewares/Third_Party/FreeRTOS/Source/timers.o
 .bss.pxOverflowTimerList
                0x200010a8        0x4 ./Middlewares/Third_Party/FreeRTOS/Source/timers.o
 .bss.pxCurrentTimerList
                0x200010ac        0x4 ./Middlewares/Third_Party/FreeRTOS/Source/timers.o
 .bss.xActiveTimerList2
                0x200010b0       0x14 ./Middlewares/Third_Party/FreeRTOS/Source/timers.o
 .bss.xActiveTimerList1
                0x200010c4       0x14 ./Middlewares/Third_Party/FreeRTOS/Source/timers.o
 .bss.ulMaxPRIGROUPValue
                0x200010d8        0x4 ./Middlewares/Third_Party/FreeRTOS/Source/portable/GCC/ARM_CM3/port.o
 .bss.ucMaxSysCallPriority
                0x200010dc        0x1 ./Middlewares/Third_Party/FreeRTOS/Source/portable/GCC/ARM_CM3/port.o
 *fill*         0x200010dd        0x3 
 .bss.xBlockAllocatedBit
                0x200010e0        0x4 ./Middlewares/Third_Party/FreeRTOS/Source/portable/MemMang/heap_4.o
 .bss.xNumberOfSuccessfulFrees
                0x200010e4        0x4 ./Middlewares/Third_Party/FreeRTOS/Source/portable/MemMang/heap_4.o
 .bss.xNumberOfSuccessfulAllocations
                0x200010e8        0x4 ./Middlewares/Third_Party/FreeRTOS/Source/portable/MemMang/heap_4.o
 .bss.xMinimumEverFreeBytesRemaining
                0x200010ec        0x4 ./Middlewares/Third_Party/FreeRTOS/Source/portable/MemMang/heap_4.o
 .bss.xFreeBytesRemaining
                0x200010f0        0x4 ./Middlewares/Third_Party/FreeRTOS/Source/portable/MemMang/heap_4.o
 .bss.pxEnd     0x200010f4        0x4 ./Middlewares/Third_Party/FreeRTOS/Source/portable/MemMang/heap_4.o
 .bss.xStart    0x200010f8        0x8 ./Middlewares/Third_Party/FreeRTOS/Source/portable/MemMang/heap_4.o
 .bss.ucHeap    0x20001100     0x2800 ./Middlewares/Third_Party/FreeRTOS/Source/portable/MemMang/heap_4.o
 *(COMMON)
                0x20003900                        . = ALIGN (0x4)
                0x20003900                        _ebss = .
                0x20003900                        __bss_end__ = _ebss

._user_heap_stack
                0x20003900      0x600 load address 0x08004a74
                0x20003900                        . = ALIGN (0x8)
                [!provide]                        PROVIDE (end = .)
                0x20003900                        PROVIDE (_end = .)
                0x20003b00                        . = (. + _Min_Heap_Size)
 *fill*         0x20003900      0x200 
                0x20003f00                        . = (. + _Min_Stack_Size)
 *fill*         0x20003b00      0x400 
                0x20003f00                        . = ALIGN (0x8)

/DISCARD/
 libc.a(*)
 libm.a(*)
 libgcc.a(*)

.ARM.attributes
                0x00000000       0x29
 *(.ARM.attributes)
 .ARM.attributes
                0x00000000       0x1d E:/ST/STM32CubeIDE_1.19.0/STM32CubeIDE/plugins/com.st.stm32cube.ide.mcu.externaltools.gnu-tools-for-stm32.13.3.rel1.win32_1.0.0.202411081344/tools/bin/../lib/gcc/arm-none-eabi/13.3.1/thumb/v7-m/nofp/crti.o
 .ARM.attributes
                0x0000001d       0x2d E:/ST/STM32CubeIDE_1.19.0/STM32CubeIDE/plugins/com.st.stm32cube.ide.mcu.externaltools.gnu-tools-for-stm32.13.3.rel1.win32_1.0.0.202411081344/tools/bin/../lib/gcc/arm-none-eabi/13.3.1/thumb/v7-m/nofp/crtbegin.o
 .ARM.attributes
                0x0000004a       0x2d ./Core/Src/freertos.o
 .ARM.attributes
                0x00000077       0x2d ./Core/Src/gpio.o
 .ARM.attributes
                0x000000a4       0x2d ./Core/Src/main.o
 .ARM.attributes
                0x000000d1       0x2d ./Core/Src/modbus_rtu.o
 .ARM.attributes
                0x000000fe       0x2d ./Core/Src/stm32f1xx_hal_msp.o
 .ARM.attributes
                0x0000012b       0x2d ./Core/Src/stm32f1xx_it.o
 .ARM.attributes
                0x00000158       0x2d ./Core/Src/system_stm32f1xx.o
 .ARM.attributes
                0x00000185       0x2d ./Core/Src/tim.o
 .ARM.attributes
                0x000001b2       0x2d ./Core/Src/usart.o
 .ARM.attributes
                0x000001df       0x21 ./Core/Startup/startup_stm32f103c8tx.o
 .ARM.attributes
                0x00000200       0x2d ./Drivers/STM32F1xx_HAL_Driver/Src/stm32f1xx_hal.o
 .ARM.attributes
                0x0000022d       0x2d ./Drivers/STM32F1xx_HAL_Driver/Src/stm32f1xx_hal_cortex.o
 .ARM.attributes
                0x0000025a       0x2d ./Drivers/STM32F1xx_HAL_Driver/Src/stm32f1xx_hal_dma.o
 .ARM.attributes
                0x00000287       0x2d ./Drivers/STM32F1xx_HAL_Driver/Src/stm32f1xx_hal_gpio.o
 .ARM.attributes
                0x000002b4       0x2d ./Drivers/STM32F1xx_HAL_Driver/Src/stm32f1xx_hal_rcc.o
 .ARM.attributes
                0x000002e1       0x2d ./Drivers/STM32F1xx_HAL_Driver/Src/stm32f1xx_hal_tim.o
 .ARM.attributes
                0x0000030e       0x2d ./Drivers/STM32F1xx_HAL_Driver/Src/stm32f1xx_hal_tim_ex.o
 .ARM.attributes
                0x0000033b       0x2d ./Drivers/STM32F1xx_HAL_Driver/Src/stm32f1xx_hal_uart.o
 .ARM.attributes
                0x00000368       0x2d ./Middlewares/Third_Party/FreeRTOS/Source/CMSIS_RTOS_V2/cmsis_os2.o
 .ARM.attributes
                0x00000395       0x2d ./Middlewares/Third_Party/FreeRTOS/Source/list.o
 .ARM.attributes
                0x000003c2       0x2d ./Middlewares/Third_Party/FreeRTOS/Source/queue.o
 .ARM.attributes
                0x000003ef       0x2d ./Middlewares/Third_Party/FreeRTOS/Source/tasks.o
 .ARM.attributes
                0x0000041c       0x2d ./Middlewares/Third_Party/FreeRTOS/Source/timers.o
 .ARM.attributes
                0x00000449       0x2d ./Middlewares/Third_Party/FreeRTOS/Source/portable/GCC/ARM_CM3/port.o
 .ARM.attributes
                0x00000476       0x2d ./Middlewares/Third_Party/FreeRTOS/Source/portable/MemMang/heap_4.o
 .ARM.attributes
                0x000004a3       0x2d E:/ST/STM32CubeIDE_1.19.0/STM32CubeIDE/plugins/com.st.stm32cube.ide.mcu.externaltools.gnu-tools-for-stm32.13.3.rel1.win32_1.0.0.202411081344/tools/bin/../lib/gcc/arm-none-eabi/13.3.1/../../../../arm-none-eabi/lib/thumb/v7-m/nofp\libc_nano.a(libc_a-memset.o)
 .ARM.attributes
                0x000004d0       0x2d E:/ST/STM32CubeIDE_1.19.0/STM32CubeIDE/plugins/com.st.stm32cube.ide.mcu.externaltools.gnu-tools-for-stm32.13.3.rel1.win32_1.0.0.202411081344/tools/bin/../lib/gcc/arm-none-eabi/13.3.1/../../../../arm-none-eabi/lib/thumb/v7-m/nofp\libc_nano.a(libc_a-init.o)
 .ARM.attributes
                0x000004fd       0x2d E:/ST/STM32CubeIDE_1.19.0/STM32CubeIDE/plugins/com.st.stm32cube.ide.mcu.externaltools.gnu-tools-for-stm32.13.3.rel1.win32_1.0.0.202411081344/tools/bin/../lib/gcc/arm-none-eabi/13.3.1/../../../../arm-none-eabi/lib/thumb/v7-m/nofp\libc_nano.a(libc_a-memcpy-stub.o)
 .ARM.attributes
                0x0000052a       0x1d E:/ST/STM32CubeIDE_1.19.0/STM32CubeIDE/plugins/com.st.stm32cube.ide.mcu.externaltools.gnu-tools-for-stm32.13.3.rel1.win32_1.0.0.202411081344/tools/bin/../lib/gcc/arm-none-eabi/13.3.1/thumb/v7-m/nofp/crtn.o
OUTPUT(cargo_control.elf elf32-littlearm)
LOAD linker stubs
LOAD E:/ST/STM32CubeIDE_1.19.0/STM32CubeIDE/plugins/com.st.stm32cube.ide.mcu.externaltools.gnu-tools-for-stm32.13.3.rel1.win32_1.0.0.202411081344/tools/bin/../lib/gcc/arm-none-eabi/13.3.1/../../../../arm-none-eabi/lib/thumb/v7-m/nofp\libc.a
LOAD E:/ST/STM32CubeIDE_1.19.0/STM32CubeIDE/plugins/com.st.stm32cube.ide.mcu.externaltools.gnu-tools-for-stm32.13.3.rel1.win32_1.0.0.202411081344/tools/bin/../lib/gcc/arm-none-eabi/13.3.1/../../../../arm-none-eabi/lib/thumb/v7-m/nofp\libm.a
LOAD E:/ST/STM32CubeIDE_1.19.0/STM32CubeIDE/plugins/com.st.stm32cube.ide.mcu.externaltools.gnu-tools-for-stm32.13.3.rel1.win32_1.0.0.202411081344/tools/bin/../lib/gcc/arm-none-eabi/13.3.1/thumb/v7-m/nofp\libgcc.a

.comment        0x00000000       0x43
 .comment       0x00000000       0x43 ./Core/Src/freertos.o
                                 0x44 (size before relaxing)
 .comment       0x00000043       0x44 ./Core/Src/gpio.o
 .comment       0x00000043       0x44 ./Core/Src/main.o
 .comment       0x00000043       0x44 ./Core/Src/modbus_rtu.o
 .comment       0x00000043       0x44 ./Core/Src/stm32f1xx_hal_msp.o
 .comment       0x00000043       0x44 ./Core/Src/stm32f1xx_it.o
 .comment       0x00000043       0x44 ./Core/Src/system_stm32f1xx.o
 .comment       0x00000043       0x44 ./Core/Src/tim.o
 .comment       0x00000043       0x44 ./Core/Src/usart.o
 .comment       0x00000043       0x44 ./Drivers/STM32F1xx_HAL_Driver/Src/stm32f1xx_hal.o
 .comment       0x00000043       0x44 ./Drivers/STM32F1xx_HAL_Driver/Src/stm32f1xx_hal_cortex.o
 .comment       0x00000043       0x44 ./Drivers/STM32F1xx_HAL_Driver/Src/stm32f1xx_hal_dma.o
 .comment       0x00000043       0x44 ./Drivers/STM32F1xx_HAL_Driver/Src/stm32f1xx_hal_gpio.o
 .comment       0x00000043       0x44 ./Drivers/STM32F1xx_HAL_Driver/Src/stm32f1xx_hal_rcc.o
 .comment       0x00000043       0x44 ./Drivers/STM32F1xx_HAL_Driver/Src/stm32f1xx_hal_tim.o
 .comment       0x00000043       0x44 ./Drivers/STM32F1xx_HAL_Driver/Src/stm32f1xx_hal_tim_ex.o
 .comment       0x00000043       0x44 ./Drivers/STM32F1xx_HAL_Driver/Src/stm32f1xx_hal_uart.o
 .comment       0x00000043       0x44 ./Middlewares/Third_Party/FreeRTOS/Source/CMSIS_RTOS_V2/cmsis_os2.o
 .comment       0x00000043       0x44 ./Middlewares/Third_Party/FreeRTOS/Source/list.o
 .comment       0x00000043       0x44 ./Middlewares/Third_Party/FreeRTOS/Source/queue.o
 .comment       0x00000043       0x44 ./Middlewares/Third_Party/FreeRTOS/Source/tasks.o
 .comment       0x00000043       0x44 ./Middlewares/Third_Party/FreeRTOS/Source/timers.o
 .comment       0x00000043       0x44 ./Middlewares/Third_Party/FreeRTOS/Source/portable/GCC/ARM_CM3/port.o
 .comment       0x00000043       0x44 ./Middlewares/Third_Party/FreeRTOS/Source/portable/MemMang/heap_4.o

.debug_frame    0x00000000       0x74
 .debug_frame   0x00000000       0x20 E:/ST/STM32CubeIDE_1.19.0/STM32CubeIDE/plugins/com.st.stm32cube.ide.mcu.externaltools.gnu-tools-for-stm32.13.3.rel1.win32_1.0.0.202411081344/tools/bin/../lib/gcc/arm-none-eabi/13.3.1/../../../../arm-none-eabi/lib/thumb/v7-m/nofp\libc_nano.a(libc_a-memset.o)
 .debug_frame   0x00000020       0x2c E:/ST/STM32CubeIDE_1.19.0/STM32CubeIDE/plugins/com.st.stm32cube.ide.mcu.externaltools.gnu-tools-for-stm32.13.3.rel1.win32_1.0.0.202411081344/tools/bin/../lib/gcc/arm-none-eabi/13.3.1/../../../../arm-none-eabi/lib/thumb/v7-m/nofp\libc_nano.a(libc_a-init.o)
 .debug_frame   0x0000004c       0x28 E:/ST/STM32CubeIDE_1.19.0/STM32CubeIDE/plugins/com.st.stm32cube.ide.mcu.externaltools.gnu-tools-for-stm32.13.3.rel1.win32_1.0.0.202411081344/tools/bin/../lib/gcc/arm-none-eabi/13.3.1/../../../../arm-none-eabi/lib/thumb/v7-m/nofp\libc_nano.a(libc_a-memcpy-stub.o)
